// Jest Snapshot v1, https://goo.gl/fbAQLP

exports[`Pruebas en <FirstApp /> La primera pruena tiene que hacer match con el snapshop 1`] = `
<div>
  <h1
    data-testid="test-title"
  >
    Hola, soy Carlos Coronado
  </h1>
  <p>
    No hay subtitulo
  </p>
  <p>
    No hay subtitulo
  </p>
  <p>
    Carlos Coronado
  </p>
</div>
`;
